// Jest Snapshot v1, https://goo.gl/fbAQLP

exports[`test on <RealExample> it should rendered ok 1`] = `
<div>
  <h1>
    Real Example Ref
  </h1>
  <hr />
  <button
    className="btn btn-primary"
    onClick={[Function]}
  >
    Show/Hide
  </button>
</div>
`;
