// Jest Snapshot v1, https://goo.gl/fbAQLP

exports[`Test on <HookApp> it should rendered ok 1`] = `
<div>
  <h1>
    Hello react
  </h1>
</div>
`;
