// Jest Snapshot v1, https://goo.gl/fbAQLP

exports[`Test on <TodoList /> should rendered ok 1`] = `
<ul
  className="list-group list-group-flush"
>
  <TodoListItem
    handleDelete={[MockFunction]}
    handleToggle={[MockFunction]}
    index={0}
    key="1"
    todo={
      Object {
        "desc": "Learning react",
        "done": false,
        "id": 1,
      }
    }
  />
  <TodoListItem
    handleDelete={[MockFunction]}
    handleToggle={[MockFunction]}
    index={1}
    key="2"
    todo={
      Object {
        "desc": "Learnin sass",
        "done": false,
        "id": 2,
      }
    }
  />
</ul>
`;
